2026-08-30 09:35:44,966 - INFO - Hacker Gen Market Data API starting up...
2026-08-30 09:35:47,470 - INFO - Quotex provider connected successfully
2026-08-30 13:47:23,668 - INFO - Hacker Gen Market Data API starting up...
2026-08-30 13:47:27,373 - ERROR - Quotex provider connection failed: Websocket connection rejected.
2026-08-30 13:47:27,373 - ERROR - Startup connection failed: Websocket connection rejected.
2026-08-30 13:48:19,927 - INFO - Hacker Gen Market Data API shutting down...
2026-08-30 13:48:20,480 - INFO - Quotex provider connection closed
2026-08-30 13:48:21,646 - INFO - Hacker Gen Market Data API starting up...
2026-08-30 13:48:25,208 - ERROR - Quotex provider connection failed: Websocket connection rejected.
2026-08-30 13:48:25,208 - ERROR - Startup connection failed: Websocket connection rejected.
2026-08-30 13:49:18,317 - INFO - Hacker Gen Market Data API shutting down...
2026-08-30 13:49:18,956 - INFO - Quotex provider connection closed
2026-08-30 13:57:55,316 - INFO - Hacker Gen Market Data API starting up...
2026-08-30 13:57:58,931 - ERROR - Quotex provider connection failed: Websocket connection rejected.
2026-08-30 13:57:58,931 - ERROR - Startup connection failed: Websocket connection rejected.
2026-08-30 13:58:42,542 - INFO - Hacker Gen Market Data API shutting down...
2026-08-30 13:58:43,101 - INFO - Quotex provider connection closed
2026-08-30 13:58:54,638 - INFO - Hacker Gen Market Data API starting up...
2026-08-30 13:59:00,767 - INFO - Quotex provider connected successfully
2026-08-30 13:59:19,992 - INFO - Hacker Gen Market Data API shutting down...
2026-08-30 13:59:20,569 - INFO - Quotex provider connection closed
2026-08-30 14:00:24,749 - INFO - Hacker Gen Market Data API starting up...
2026-08-30 14:00:27,156 - INFO - Quotex provider connected successfully
2026-08-30 14:00:51,781 - INFO - Candles requested: symbol=USDBDT_otc count=5
2026-08-30 14:01:30,381 - INFO - Hacker Gen Market Data API shutting down...
2026-08-30 14:01:30,957 - INFO - Quotex provider connection closed
2026-08-30 14:01:32,305 - INFO - Hacker Gen Market Data API starting up...
2026-08-30 14:01:34,703 - INFO - Quotex provider connected successfully
2026-08-30 14:01:37,458 - INFO - Hacker Gen Market Data API shutting down...
2026-08-30 14:01:38,010 - INFO - Quotex provider connection closed
2026-08-30 14:01:52,305 - INFO - Hacker Gen Market Data API starting up...
2026-08-30 14:01:54,837 - INFO - Quotex provider connected successfully
2026-08-30 14:02:15,517 - INFO - Candles requested: symbol=USDBDT_otc count=5
2026-08-30 21:56:03,052 - INFO - Hacker Gen Market Data API shutting down...
2026-08-30 21:56:03,308 - INFO - Quotex provider connection closed
2026-08-30 21:59:13,996 - INFO - Hacker Gen Market Data API starting up...
2026-08-30 21:59:17,801 - ERROR - Quotex provider connection failed: Websocket connection rejected.
2026-08-30 21:59:17,801 - ERROR - Startup connection failed: Websocket connection rejected.
2026-08-30 21:59:17,801 - INFO - Background cache updater started
2026-08-30 21:59:17,802 - WARNING - Connection lost or not established. Attempting to reconnect...
2026-08-30 21:59:25,800 - INFO - Quotex provider connected successfully
2026-08-30 21:59:25,801 - INFO - Reconnect successful
2026-08-30 21:59:42,923 - INFO - Hacker Gen Market Data API starting up...
2026-08-30 21:59:45,752 - INFO - Quotex provider connected successfully
2026-08-30 21:59:45,753 - INFO - Background cache updater started
2026-08-30 22:02:30,896 - INFO - Hacker Gen Market Data API shutting down...
2026-08-30 22:02:30,974 - INFO - Hacker Gen Market Data API shutting down...
2026-08-30 22:02:31,464 - INFO - Quotex provider connection closed
2026-08-30 22:02:31,538 - INFO - Quotex provider connection closed
2026-08-30 22:02:32,907 - INFO - Hacker Gen Market Data API starting up...
2026-08-30 22:02:33,496 - INFO - Hacker Gen Market Data API starting up...
2026-08-30 22:02:35,329 - INFO - Quotex provider connected successfully
2026-08-30 22:02:35,329 - INFO - Background cache updater started
2026-08-30 22:02:36,163 - INFO - Quotex provider connected successfully
2026-08-30 22:02:36,163 - INFO - Background cache updater started
2026-08-30 22:03:30,697 - INFO - Candles requested: symbol=USDBDT_otc count=5
2026-08-30 22:04:44,815 - INFO - Hacker Gen Market Data API shutting down...
2026-08-30 22:04:45,367 - INFO - Hacker Gen Market Data API shutting down...
2026-08-30 22:04:45,373 - INFO - Quotex provider connection closed
2026-08-30 22:04:46,057 - INFO - Quotex provider connection closed
2026-08-30 22:04:46,712 - INFO - Hacker Gen Market Data API starting up...
2026-08-30 22:04:47,256 - INFO - Hacker Gen Market Data API starting up...
2026-08-30 22:04:49,034 - INFO - Quotex provider connected successfully
2026-08-30 22:04:49,034 - INFO - Background cache updater started
2026-08-30 22:04:49,035 - INFO - Connection watchdog started
2026-08-30 22:04:49,788 - INFO - Quotex provider connected successfully
2026-08-30 22:04:49,788 - INFO - Background cache updater started
2026-08-30 22:04:49,789 - INFO - Connection watchdog started
